Test log file created at 2025-04-05T08:02:51.855Z
